../Core/Src/main.c:95:6:HAL_CAN_RxFifo0MsgPendingCallback	16	static
../Core/Src/main.c:103:6:HAL_GPIO_EXTI_Callback	16	static
../Core/Src/main.c:122:6:HAL_UART_RxCpltCallback	16	static
../Core/Src/main.c:156:6:NotifyLed	8	static
../Core/Src/main.c:173:6:ActiveLed	8	static
../Core/Src/main.c:214:5:main	224	static
../Core/Src/main.c:379:6:SystemClock_Config	88	static
../Core/Src/main.c:425:13:MX_CAN1_Init	48	static
../Core/Src/main.c:478:13:MX_USART1_UART_Init	8	static
../Core/Src/main.c:511:13:MX_GPIO_Init	40	static
../Core/Src/main.c:550:6:Error_Handler	4	static,ignoring_inline_asm
